<html>
<body>
<pre>
<h1>µVision Build Log</h1>
<h2>Tool Versions:</h2>
IDE-Version: ¦ÌVision V5.36.0.0
Copyright (C) 2021 ARM Ltd and ARM Germany GmbH. All rights reserved.
License Information: 2 ssc, 2, LIC=8VRJ7-EPRLM-560Q2-9ZI7T-XZRP2-DHWLL
 
Tool Versions:
Toolchain:       MDK-ARM Plus  Version: 5.36.0.0
Toolchain Path:  D:\Program\Keil\ARM\ARMCC\Bin
C Compiler:      Armcc.exe V5.06 update 7 (build 960)
Assembler:       Armasm.exe V5.06 update 7 (build 960)
Linker/Locator:  ArmLink.exe V5.06 update 7 (build 960)
Library Manager: ArmAr.exe V5.06 update 7 (build 960)
Hex Converter:   FromElf.exe V5.06 update 7 (build 960)
CPU DLL:         SARMCM3.DLL V5.36.0.0
Dialog DLL:      DCM.DLL V1.17.3.0
Target DLL:      STLink\ST-LINKIII-KEIL_SWO.dll V3.0.9.0
Dialog DLL:      TCM.DLL V1.53.0.0
 
<h2>Project:</h2>
f:\STM32SSC\STM32\STM32SSC_F103\Code\9_MAVLINK\1_MAVLink_Test\MDK-ARM\1_MAVLink_Test.uvprojx
Project File Date:  05/30/2023

<h2>Output:</h2>
*** Using Compiler 'V5.06 update 7 (build 960)', folder: 'D:\Program\Keil\ARM\ARMCC\Bin'
Build target '1_MAVLink_Test'
assembling startup_stm32f103xb.s...
compiling stm32f1xx_it.c...
compiling stm32f1xx_hal_msp.c...
compiling stm32f1xx_hal_gpio_ex.c...
compiling stm32f1xx_hal_tim.c...
compiling gpio.c...
compiling main.c...
../MAVLINK/mavlink/mavlink_user.h(60): warning:  #111-D: statement is unreachable
          return NULL;
../MAVLINK/mavlink/mavlink_user.h(74): warning:  #111-D: statement is unreachable
          return NULL;
../Core/Src/main.c: 2 warnings, 0 errors
compiling usart.c...
compiling stm32f1xx_hal_tim_ex.c...
compiling stm32f1xx_hal.c...
compiling stm32f1xx_hal_gpio.c...
compiling stm32f1xx_hal_rcc_ex.c...
compiling stm32f1xx_hal_dma.c...
compiling stm32f1xx_hal_rcc.c...
compiling stm32f1xx_hal_uart.c...
compiling system_stm32f1xx.c...
compiling stm32f1xx_hal_flash.c...
compiling retarget.c...
compiling stm32f1xx_hal_exti.c...
compiling stm32f1xx_hal_pwr.c...
compiling stm32f1xx_hal_cortex.c...
compiling stm32f1xx_hal_flash_ex.c...
compiling mavlink_user.c...
..\MAVLINK\mavlink\mavlink_user.h(60): warning:  #111-D: statement is unreachable
          return NULL;
..\MAVLINK\mavlink\mavlink_user.h(74): warning:  #111-D: statement is unreachable
          return NULL;
..\MAVLINK\mavlink\mavlink_user.c(30): warning:  #111-D: statement is unreachable
          return -1;
..\MAVLINK\mavlink\mavlink_user.c: 3 warnings, 0 errors
linking...
Program Size: Code=4608 RO-data=312 RW-data=20 ZI-data=2412  
FromELF: creating hex file...
"1_MAVLink_Test\1_MAVLink_Test.axf" - 0 Error(s), 5 Warning(s).

<h2>Software Packages used:</h2>

Package Vendor: ARM
                http://www.keil.com/pack/ARM.CMSIS.5.8.0.pack
                ARM.CMSIS.5.8.0
                CMSIS (Common Microcontroller Software Interface Standard)
   * Component: CORE Version: 5.5.0

Package Vendor: Keil
                http://www.keil.com/pack/Keil.STM32F1xx_DFP.2.2.0.pack
                Keil.STM32F1xx_DFP.2.2.0
                STMicroelectronics STM32F1 Series Device Support, Drivers and Examples

<h2>Collection of Component include folders:</h2>
  .\RTE\_1_MAVLink_Test
  D:\Program\Keil\Pack\ARM\CMSIS\5.8.0\CMSIS\Core\Include
  D:\Program\Keil\Pack\Keil\STM32F1xx_DFP\2.2.0\Device\Include

<h2>Collection of Component Files used:</h2>

   * Component: ARM::CMSIS:CORE:5.5.0
      Include file:  CMSIS\Core\Include\tz_context.h
Build Time Elapsed:  00:00:09
</pre>
</body>
</html>
