Archive member included to satisfy reference by file (symbol)

r:/user_download/environment_install/gnu arm toolchain/gnu arm embedded toolchain/10 2021.10/bin/../lib/gcc/arm-none-eabi/10.3.1/../../../../arm-none-eabi/lib/thumb/v7-m/nofp\libg.a(lib_a-errno.o)
                              CMakeFiles/1_Test.elf.dir/Core/Src/syscalls.c.obj (__errno)
r:/user_download/environment_install/gnu arm toolchain/gnu arm embedded toolchain/10 2021.10/bin/../lib/gcc/arm-none-eabi/10.3.1/../../../../arm-none-eabi/lib/thumb/v7-m/nofp\libg.a(lib_a-exit.o)
                              r:/user_download/environment_install/gnu arm toolchain/gnu arm embedded toolchain/10 2021.10/bin/../lib/gcc/arm-none-eabi/10.3.1/../../../../arm-none-eabi/lib/thumb/v7-m/nofp/crt0.o (exit)
r:/user_download/environment_install/gnu arm toolchain/gnu arm embedded toolchain/10 2021.10/bin/../lib/gcc/arm-none-eabi/10.3.1/../../../../arm-none-eabi/lib/thumb/v7-m/nofp\libg.a(lib_a-impure.o)
                              r:/user_download/environment_install/gnu arm toolchain/gnu arm embedded toolchain/10 2021.10/bin/../lib/gcc/arm-none-eabi/10.3.1/../../../../arm-none-eabi/lib/thumb/v7-m/nofp\libg.a(lib_a-exit.o) (_global_impure_ptr)
r:/user_download/environment_install/gnu arm toolchain/gnu arm embedded toolchain/10 2021.10/bin/../lib/gcc/arm-none-eabi/10.3.1/../../../../arm-none-eabi/lib/thumb/v7-m/nofp\libg.a(lib_a-init.o)
                              r:/user_download/environment_install/gnu arm toolchain/gnu arm embedded toolchain/10 2021.10/bin/../lib/gcc/arm-none-eabi/10.3.1/../../../../arm-none-eabi/lib/thumb/v7-m/nofp/crt0.o (__libc_init_array)
r:/user_download/environment_install/gnu arm toolchain/gnu arm embedded toolchain/10 2021.10/bin/../lib/gcc/arm-none-eabi/10.3.1/../../../../arm-none-eabi/lib/thumb/v7-m/nofp\libg.a(lib_a-memset.o)
                              r:/user_download/environment_install/gnu arm toolchain/gnu arm embedded toolchain/10 2021.10/bin/../lib/gcc/arm-none-eabi/10.3.1/../../../../arm-none-eabi/lib/thumb/v7-m/nofp/crt0.o (memset)
r:/user_download/environment_install/gnu arm toolchain/gnu arm embedded toolchain/10 2021.10/bin/../lib/gcc/arm-none-eabi/10.3.1/../../../../arm-none-eabi/lib/thumb/v7-m/nofp\libg.a(lib_a-__call_atexit.o)
                              r:/user_download/environment_install/gnu arm toolchain/gnu arm embedded toolchain/10 2021.10/bin/../lib/gcc/arm-none-eabi/10.3.1/../../../../arm-none-eabi/lib/thumb/v7-m/nofp\libg.a(lib_a-exit.o) (__call_exitprocs)
r:/user_download/environment_install/gnu arm toolchain/gnu arm embedded toolchain/10 2021.10/bin/../lib/gcc/arm-none-eabi/10.3.1/../../../../arm-none-eabi/lib/thumb/v7-m/nofp\libg.a(lib_a-atexit.o)
                              r:/user_download/environment_install/gnu arm toolchain/gnu arm embedded toolchain/10 2021.10/bin/../lib/gcc/arm-none-eabi/10.3.1/../../../../arm-none-eabi/lib/thumb/v7-m/nofp\libg.a(lib_a-__call_atexit.o) (atexit)
r:/user_download/environment_install/gnu arm toolchain/gnu arm embedded toolchain/10 2021.10/bin/../lib/gcc/arm-none-eabi/10.3.1/../../../../arm-none-eabi/lib/thumb/v7-m/nofp\libg.a(lib_a-fini.o)
                              r:/user_download/environment_install/gnu arm toolchain/gnu arm embedded toolchain/10 2021.10/bin/../lib/gcc/arm-none-eabi/10.3.1/../../../../arm-none-eabi/lib/thumb/v7-m/nofp\libg.a(lib_a-__call_atexit.o) (__libc_fini_array)
r:/user_download/environment_install/gnu arm toolchain/gnu arm embedded toolchain/10 2021.10/bin/../lib/gcc/arm-none-eabi/10.3.1/../../../../arm-none-eabi/lib/thumb/v7-m/nofp\libg.a(lib_a-lock.o)
                              r:/user_download/environment_install/gnu arm toolchain/gnu arm embedded toolchain/10 2021.10/bin/../lib/gcc/arm-none-eabi/10.3.1/../../../../arm-none-eabi/lib/thumb/v7-m/nofp\libg.a(lib_a-__call_atexit.o) (__retarget_lock_acquire_recursive)
r:/user_download/environment_install/gnu arm toolchain/gnu arm embedded toolchain/10 2021.10/bin/../lib/gcc/arm-none-eabi/10.3.1/../../../../arm-none-eabi/lib/thumb/v7-m/nofp\libg.a(lib_a-__atexit.o)
                              r:/user_download/environment_install/gnu arm toolchain/gnu arm embedded toolchain/10 2021.10/bin/../lib/gcc/arm-none-eabi/10.3.1/../../../../arm-none-eabi/lib/thumb/v7-m/nofp\libg.a(lib_a-atexit.o) (__register_exitproc)

Discarded input sections

 .text          0x00000000        0x0 r:/user_download/environment_install/gnu arm toolchain/gnu arm embedded toolchain/10 2021.10/bin/../lib/gcc/arm-none-eabi/10.3.1/thumb/v7-m/nofp/crti.o
 .data          0x00000000        0x0 r:/user_download/environment_install/gnu arm toolchain/gnu arm embedded toolchain/10 2021.10/bin/../lib/gcc/arm-none-eabi/10.3.1/thumb/v7-m/nofp/crti.o
 .bss           0x00000000        0x0 r:/user_download/environment_install/gnu arm toolchain/gnu arm embedded toolchain/10 2021.10/bin/../lib/gcc/arm-none-eabi/10.3.1/thumb/v7-m/nofp/crti.o
[...]
Memory Configuration

Name             Origin             Length             Attributes
RAM              0x20000000         0x0000c000         xrw
FLASH            0x08000000         0x00040000         xr
*default*        0x00000000         0xffffffff

Linker script and memory map

LOAD r:/user_download/environment_install/gnu arm toolchain/gnu arm embedded toolchain/10 2021.10/bin/../lib/gcc/arm-none-eabi/10.3.1/thumb/v7-m/nofp/crti.o
LOAD r:/user_download/environment_install/gnu arm toolchain/gnu arm embedded toolchain/10 2021.10/bin/../lib/gcc/arm-none-eabi/10.3.1/thumb/v7-m/nofp/crtbegin.o
LOAD r:/user_download/environment_install/gnu arm toolchain/gnu arm embedded toolchain/10 2021.10/bin/../lib/gcc/arm-none-eabi/10.3.1/../../../../arm-none-eabi/lib/thumb/v7-m/nofp/crt0.o
LOAD CMakeFiles/1_Test.elf.dir/Core/Src/gpio.c.obj
LOAD CMakeFiles/1_Test.elf.dir/Core/Src/main.c.obj
LOAD CMakeFiles/1_Test.elf.dir/Core/Src/stm32f1xx_hal_msp.c.obj
LOAD CMakeFiles/1_Test.elf.dir/Core/Src/stm32f1xx_it.c.obj
LOAD CMakeFiles/1_Test.elf.dir/Core/Src/syscalls.c.obj
LOAD CMakeFiles/1_Test.elf.dir/Core/Src/sysmem.c.obj
LOAD CMakeFiles/1_Test.elf.dir/Core/Src/system_stm32f1xx.c.obj
LOAD CMakeFiles/1_Test.elf.dir/Core/Startup/startup_stm32f103rctx.s.obj
LOAD CMakeFiles/1_Test.elf.dir/Drivers/STM32F1xx_HAL_Driver/Src/stm32f1xx_hal.c.obj
LOAD CMakeFiles/1_Test.elf.dir/Drivers/STM32F1xx_HAL_Driver/Src/stm32f1xx_hal_cortex.c.obj
LOAD CMakeFiles/1_Test.elf.dir/Drivers/STM32F1xx_HAL_Driver/Src/stm32f1xx_hal_dma.c.obj
LOAD CMakeFiles/1_Test.elf.dir/Drivers/STM32F1xx_HAL_Driver/Src/stm32f1xx_hal_exti.c.obj
LOAD CMakeFiles/1_Test.elf.dir/Drivers/STM32F1xx_HAL_Driver/Src/stm32f1xx_hal_flash.c.obj
LOAD CMakeFiles/1_Test.elf.dir/Drivers/STM32F1xx_HAL_Driver/Src/stm32f1xx_hal_flash_ex.c.obj
LOAD CMakeFiles/1_Test.elf.dir/Drivers/STM32F1xx_HAL_Driver/Src/stm32f1xx_hal_gpio.c.obj
LOAD CMakeFiles/1_Test.elf.dir/Drivers/STM32F1xx_HAL_Driver/Src/stm32f1xx_hal_gpio_ex.c.obj
LOAD CMakeFiles/1_Test.elf.dir/Drivers/STM32F1xx_HAL_Driver/Src/stm32f1xx_hal_pwr.c.obj
LOAD CMakeFiles/1_Test.elf.dir/Drivers/STM32F1xx_HAL_Driver/Src/stm32f1xx_hal_rcc.c.obj
LOAD CMakeFiles/1_Test.elf.dir/Drivers/STM32F1xx_HAL_Driver/Src/stm32f1xx_hal_rcc_ex.c.obj
LOAD CMakeFiles/1_Test.elf.dir/Drivers/STM32F1xx_HAL_Driver/Src/stm32f1xx_hal_tim.c.obj
LOAD CMakeFiles/1_Test.elf.dir/Drivers/STM32F1xx_HAL_Driver/Src/stm32f1xx_hal_tim_ex.c.obj
START GROUP
LOAD r:/user_download/environment_install/gnu arm toolchain/gnu arm embedded toolchain/10 2021.10/bin/../lib/gcc/arm-none-eabi/10.3.1/thumb/v7-m/nofp\libgcc.a
LOAD r:/user_download/environment_install/gnu arm toolchain/gnu arm embedded toolchain/10 2021.10/bin/../lib/gcc/arm-none-eabi/10.3.1/../../../../arm-none-eabi/lib/thumb/v7-m/nofp\libg.a
LOAD r:/user_download/environment_install/gnu arm toolchain/gnu arm embedded toolchain/10 2021.10/bin/../lib/gcc/arm-none-eabi/10.3.1/../../../../arm-none-eabi/lib/thumb/v7-m/nofp\libc.a
END GROUP
LOAD r:/user_download/environment_install/gnu arm toolchain/gnu arm embedded toolchain/10 2021.10/bin/../lib/gcc/arm-none-eabi/10.3.1/thumb/v7-m/nofp/crtend.o
LOAD r:/user_download/environment_install/gnu arm toolchain/gnu arm embedded toolchain/10 2021.10/bin/../lib/gcc/arm-none-eabi/10.3.1/thumb/v7-m/nofp/crtn.o
                0x2000c000                _estack = (ORIGIN (RAM) + LENGTH (RAM))
                0x00000200                _Min_Heap_Size = 0x200
                0x00000400                _Min_Stack_Size = 0x400

.isr_vector     0x08000000      0x1e4
                0x08000000                . = ALIGN (0x4)
 *(.isr_vector)
 .isr_vector    0x08000000      0x1e4 CMakeFiles/1_Test.elf.dir/Core/Startup/startup_stm32f103rctx.s.obj
                0x08000000                g_pfnVectors
                0x080001e4                . = ALIGN (0x4)

.text           0x080001e4      0xe6c
                0x080001e4                . = ALIGN (0x4)
 *(.text)
 .text          0x080001e4       0x40 r:/user_download/environment_install/gnu arm toolchain/gnu arm embedded toolchain/10 2021.10/bin/../lib/gcc/arm-none-eabi/10.3.1/thumb/v7-m/nofp/crtbegin.o
 *(.text*)
 .text.MX_GPIO_Init
                0x08000224      0x13c CMakeFiles/1_Test.elf.dir/Core/Src/gpio.c.obj
                0x08000224                MX_GPIO_Init
 .text.Error_Handler
                0x08000360        0x4 CMakeFiles/1_Test.elf.dir/Core/Src/main.c.obj
                0x08000360                Error_Handler
 .text.SystemClock_Config
                0x08000364       0x64 CMakeFiles/1_Test.elf.dir/Core/Src/main.c.obj
                0x08000364                SystemClock_Config
 .text.main     0x080003c8       0x38 CMakeFiles/1_Test.elf.dir/Core/Src/main.c.obj
                0x080003c8                main
 .text.HAL_MspInit
                0x08000400       0x44 CMakeFiles/1_Test.elf.dir/Core/Src/stm32f1xx_hal_msp.c.obj
                0x08000400                HAL_MspInit
 .text.NMI_Handler
                0x08000444        0x2 CMakeFiles/1_Test.elf.dir/Core/Src/stm32f1xx_it.c.obj
                0x08000444                NMI_Handler
 .text.HardFault_Handler
                0x08000446        0x2 CMakeFiles/1_Test.elf.dir/Core/Src/stm32f1xx_it.c.obj
                0x08000446                HardFault_Handler
 .text.MemManage_Handler
                0x08000448        0x2 CMakeFiles/1_Test.elf.dir/Core/Src/stm32f1xx_it.c.obj
                0x08000448                MemManage_Handler
 .text.BusFault_Handler
                0x0800044a        0x2 CMakeFiles/1_Test.elf.dir/Core/Src/stm32f1xx_it.c.obj
                0x0800044a                BusFault_Handler
 .text.UsageFault_Handler
                0x0800044c        0x2 CMakeFiles/1_Test.elf.dir/Core/Src/stm32f1xx_it.c.obj
                0x0800044c                UsageFault_Handler
 .text.SVC_Handler
                0x0800044e        0x2 CMakeFiles/1_Test.elf.dir/Core/Src/stm32f1xx_it.c.obj
                0x0800044e                SVC_Handler
 .text.DebugMon_Handler
                0x08000450        0x2 CMakeFiles/1_Test.elf.dir/Core/Src/stm32f1xx_it.c.obj
                0x08000450                DebugMon_Handler
 .text.PendSV_Handler
                0x08000452        0x2 CMakeFiles/1_Test.elf.dir/Core/Src/stm32f1xx_it.c.obj
                0x08000452                PendSV_Handler
 .text.SysTick_Handler
                0x08000454        0x8 CMakeFiles/1_Test.elf.dir/Core/Src/stm32f1xx_it.c.obj
                0x08000454                SysTick_Handler
 .text.SystemInit
                0x0800045c        0x2 CMakeFiles/1_Test.elf.dir/Core/Src/system_stm32f1xx.c.obj
                0x0800045c                SystemInit
 *fill*         0x0800045e        0x2 
 .text.Reset_Handler
                0x08000460       0x48 CMakeFiles/1_Test.elf.dir/Core/Startup/startup_stm32f103rctx.s.obj
                0x08000460                Reset_Handler
 .text.Default_Handler
                0x080004a8        0x2 CMakeFiles/1_Test.elf.dir/Core/Startup/startup_stm32f103rctx.s.obj
                0x080004a8                RTC_Alarm_IRQHandler
                0x080004a8                EXTI2_IRQHandler
                0x080004a8                TIM8_TRG_COM_IRQHandler
                0x080004a8                TIM8_CC_IRQHandler
                0x080004a8                TIM1_CC_IRQHandler
                0x080004a8                TIM6_IRQHandler
                0x080004a8                PVD_IRQHandler
                0x080004a8                SDIO_IRQHandler
                0x080004a8                EXTI3_IRQHandler
                0x080004a8                EXTI0_IRQHandler
                0x080004a8                I2C2_EV_IRQHandler
                0x080004a8                ADC1_2_IRQHandler
                0x080004a8                SPI1_IRQHandler
                0x080004a8                TAMPER_IRQHandler
                0x080004a8                TIM8_UP_IRQHandler
                0x080004a8                DMA2_Channel2_IRQHandler
                0x080004a8                DMA1_Channel4_IRQHandler
                0x080004a8                USART3_IRQHandler
                0x080004a8                RTC_IRQHandler
                0x080004a8                DMA1_Channel7_IRQHandler
                0x080004a8                CAN1_RX1_IRQHandler
                0x080004a8                UART5_IRQHandler
                0x080004a8                ADC3_IRQHandler
                0x080004a8                TIM4_IRQHandler
                0x080004a8                DMA2_Channel1_IRQHandler
                0x080004a8                I2C1_EV_IRQHandler
                0x080004a8                DMA1_Channel6_IRQHandler
                0x080004a8                UART4_IRQHandler
                0x080004a8                TIM3_IRQHandler
                0x080004a8                RCC_IRQHandler
                0x080004a8                TIM1_TRG_COM_IRQHandler
                0x080004a8                DMA1_Channel1_IRQHandler
                0x080004a8                Default_Handler
                0x080004a8                EXTI15_10_IRQHandler
                0x080004a8                TIM7_IRQHandler
                0x080004a8                TIM5_IRQHandler
                0x080004a8                EXTI9_5_IRQHandler
                0x080004a8                SPI2_IRQHandler
                0x080004a8                DMA1_Channel5_IRQHandler
                0x080004a8                EXTI4_IRQHandler
                0x080004a8                USB_LP_CAN1_RX0_IRQHandler
                0x080004a8                USB_HP_CAN1_TX_IRQHandler
                0x080004a8                DMA1_Channel3_IRQHandler
                0x080004a8                FSMC_IRQHandler
                0x080004a8                TIM1_UP_IRQHandler
                0x080004a8                WWDG_IRQHandler
                0x080004a8                TIM2_IRQHandler
                0x080004a8                TIM1_BRK_IRQHandler
                0x080004a8                EXTI1_IRQHandler
                0x080004a8                DMA2_Channel4_5_IRQHandler
                0x080004a8                USART2_IRQHandler
                0x080004a8                I2C2_ER_IRQHandler
                0x080004a8                DMA1_Channel2_IRQHandler
                0x080004a8                TIM8_BRK_IRQHandler
                0x080004a8                CAN1_SCE_IRQHandler
                0x080004a8                FLASH_IRQHandler
                0x080004a8                USART1_IRQHandler
                0x080004a8                SPI3_IRQHandler
                0x080004a8                I2C1_ER_IRQHandler
                0x080004a8                USBWakeUp_IRQHandler
                0x080004a8                DMA2_Channel3_IRQHandler
 *fill*         0x080004aa        0x2 
 .text.HAL_InitTick
                0x080004ac       0x4c CMakeFiles/1_Test.elf.dir/Drivers/STM32F1xx_HAL_Driver/Src/stm32f1xx_hal.c.obj
                0x080004ac                HAL_InitTick
 .text.HAL_Init
                0x080004f8       0x24 CMakeFiles/1_Test.elf.dir/Drivers/STM32F1xx_HAL_Driver/Src/stm32f1xx_hal.c.obj
                0x080004f8                HAL_Init
 .text.HAL_IncTick
                0x0800051c       0x18 CMakeFiles/1_Test.elf.dir/Drivers/STM32F1xx_HAL_Driver/Src/stm32f1xx_hal.c.obj
                0x0800051c                HAL_IncTick
 .text.HAL_GetTick
                0x08000534        0xc CMakeFiles/1_Test.elf.dir/Drivers/STM32F1xx_HAL_Driver/Src/stm32f1xx_hal.c.obj
                0x08000534                HAL_GetTick
 .text.HAL_Delay
                0x08000540       0x28 CMakeFiles/1_Test.elf.dir/Drivers/STM32F1xx_HAL_Driver/Src/stm32f1xx_hal.c.obj
                0x08000540                HAL_Delay
 .text.HAL_NVIC_SetPriorityGrouping
                0x08000568       0x24 CMakeFiles/1_Test.elf.dir/Drivers/STM32F1xx_HAL_Driver/Src/stm32f1xx_hal_cortex.c.obj
                0x08000568                HAL_NVIC_SetPriorityGrouping
 .text.HAL_NVIC_SetPriority
                0x0800058c       0x70 CMakeFiles/1_Test.elf.dir/Drivers/STM32F1xx_HAL_Driver/Src/stm32f1xx_hal_cortex.c.obj
                0x0800058c                HAL_NVIC_SetPriority
 .text.HAL_SYSTICK_Config
                0x080005fc       0x28 CMakeFiles/1_Test.elf.dir/Drivers/STM32F1xx_HAL_Driver/Src/stm32f1xx_hal_cortex.c.obj
                0x080005fc                HAL_SYSTICK_Config
 .text.HAL_GPIO_Init
                0x08000624      0x240 CMakeFiles/1_Test.elf.dir/Drivers/STM32F1xx_HAL_Driver/Src/stm32f1xx_hal_gpio.c.obj
                0x08000624                HAL_GPIO_Init
 .text.HAL_GPIO_WritePin
                0x08000864        0xc CMakeFiles/1_Test.elf.dir/Drivers/STM32F1xx_HAL_Driver/Src/stm32f1xx_hal_gpio.c.obj
                0x08000864                HAL_GPIO_WritePin
 .text.RCC_Delay
                0x08000870       0x2c CMakeFiles/1_Test.elf.dir/Drivers/STM32F1xx_HAL_Driver/Src/stm32f1xx_hal_rcc.c.obj
 .text.HAL_RCC_OscConfig
                0x0800089c      0x410 CMakeFiles/1_Test.elf.dir/Drivers/STM32F1xx_HAL_Driver/Src/stm32f1xx_hal_rcc.c.obj
                0x0800089c                HAL_RCC_OscConfig
 .text.HAL_RCC_GetSysClockFreq
                0x08000cac       0x54 CMakeFiles/1_Test.elf.dir/Drivers/STM32F1xx_HAL_Driver/Src/stm32f1xx_hal_rcc.c.obj
                0x08000cac                HAL_RCC_GetSysClockFreq
 .text.HAL_RCC_ClockConfig
                0x08000d00      0x16c CMakeFiles/1_Test.elf.dir/Drivers/STM32F1xx_HAL_Driver/Src/stm32f1xx_hal_rcc.c.obj
                0x08000d00                HAL_RCC_ClockConfig
 .text.__libc_init_array
                0x08000e6c       0x48 r:/user_download/environment_install/gnu arm toolchain/gnu arm embedded toolchain/10 2021.10/bin/../lib/gcc/arm-none-eabi/10.3.1/../../../../arm-none-eabi/lib/thumb/v7-m/nofp\libg.a(lib_a-init.o)
                0x08000e6c                __libc_init_array
 .text.memset   0x08000eb4       0xa4 r:/user_download/environment_install/gnu arm toolchain/gnu arm embedded toolchain/10 2021.10/bin/../lib/gcc/arm-none-eabi/10.3.1/../../../../arm-none-eabi/lib/thumb/v7-m/nofp\libg.a(lib_a-memset.o)
                0x08000eb4                memset
 .text.startup.register_fini
                0x08000f58       0x14 r:/user_download/environment_install/gnu arm toolchain/gnu arm embedded toolchain/10 2021.10/bin/../lib/gcc/arm-none-eabi/10.3.1/../../../../arm-none-eabi/lib/thumb/v7-m/nofp\libg.a(lib_a-__call_atexit.o)
 .text.atexit   0x08000f6c        0xc r:/user_download/environment_install/gnu arm toolchain/gnu arm embedded toolchain/10 2021.10/bin/../lib/gcc/arm-none-eabi/10.3.1/../../../../arm-none-eabi/lib/thumb/v7-m/nofp\libg.a(lib_a-atexit.o)
                0x08000f6c                atexit
 .text.__libc_fini_array
                0x08000f78       0x2c r:/user_download/environment_install/gnu arm toolchain/gnu arm embedded toolchain/10 2021.10/bin/../lib/gcc/arm-none-eabi/10.3.1/../../../../arm-none-eabi/lib/thumb/v7-m/nofp\libg.a(lib_a-fini.o)
                0x08000f78                __libc_fini_array
 .text.__retarget_lock_acquire_recursive
                0x08000fa4        0x4 r:/user_download/environment_install/gnu arm toolchain/gnu arm embedded toolchain/10 2021.10/bin/../lib/gcc/arm-none-eabi/10.3.1/../../../../arm-none-eabi/lib/thumb/v7-m/nofp\libg.a(lib_a-lock.o)
                0x08000fa4                __retarget_lock_acquire_recursive
 .text.__retarget_lock_release_recursive
                0x08000fa8        0x4 r:/user_download/environment_install/gnu arm toolchain/gnu arm embedded toolchain/10 2021.10/bin/../lib/gcc/arm-none-eabi/10.3.1/../../../../arm-none-eabi/lib/thumb/v7-m/nofp\libg.a(lib_a-lock.o)
                0x08000fa8                __retarget_lock_release_recursive
 .text.__register_exitproc
                0x08000fac       0x8c r:/user_download/environment_install/gnu arm toolchain/gnu arm embedded toolchain/10 2021.10/bin/../lib/gcc/arm-none-eabi/10.3.1/../../../../arm-none-eabi/lib/thumb/v7-m/nofp\libg.a(lib_a-__atexit.o)
                0x08000fac                __register_exitproc
 *(.glue_7)
 .glue_7        0x08001038        0x0 linker stubs
 *(.glue_7t)
 .glue_7t       0x08001038        0x0 linker stubs
 *(.eh_frame)
 .eh_frame      0x08001038        0x0 r:/user_download/environment_install/gnu arm toolchain/gnu arm embedded toolchain/10 2021.10/bin/../lib/gcc/arm-none-eabi/10.3.1/thumb/v7-m/nofp/crtbegin.o
 *(.init)
 .init          0x08001038        0x4 r:/user_download/environment_install/gnu arm toolchain/gnu arm embedded toolchain/10 2021.10/bin/../lib/gcc/arm-none-eabi/10.3.1/thumb/v7-m/nofp/crti.o
                0x08001038                _init
 .init          0x0800103c        0x8 r:/user_download/environment_install/gnu arm toolchain/gnu arm embedded toolchain/10 2021.10/bin/../lib/gcc/arm-none-eabi/10.3.1/thumb/v7-m/nofp/crtn.o
 *(.fini)
 .fini          0x08001044        0x4 r:/user_download/environment_install/gnu arm toolchain/gnu arm embedded toolchain/10 2021.10/bin/../lib/gcc/arm-none-eabi/10.3.1/thumb/v7-m/nofp/crti.o
                0x08001044                _fini
 .fini          0x08001048        0x8 r:/user_download/environment_install/gnu arm toolchain/gnu arm embedded toolchain/10 2021.10/bin/../lib/gcc/arm-none-eabi/10.3.1/thumb/v7-m/nofp/crtn.o
                0x08001050                . = ALIGN (0x4)
                0x08001050                _etext = .

.vfp11_veneer   0x08001050        0x0
 .vfp11_veneer  0x08001050        0x0 linker stubs

.v4_bx          0x08001050        0x0
 .v4_bx         0x08001050        0x0 linker stubs

.iplt           0x08001050        0x0
 .iplt          0x08001050        0x0 r:/user_download/environment_install/gnu arm toolchain/gnu arm embedded toolchain/10 2021.10/bin/../lib/gcc/arm-none-eabi/10.3.1/thumb/v7-m/nofp/crtbegin.o

.rodata         0x08001050       0x28
                0x08001050                . = ALIGN (0x4)
 *(.rodata)
 *(.rodata*)
 .rodata.AHBPrescTable
                0x08001050       0x10 CMakeFiles/1_Test.elf.dir/Core/Src/system_stm32f1xx.c.obj
                0x08001050                AHBPrescTable
 .rodata.aPLLMULFactorTable.1
                0x08001060       0x10 CMakeFiles/1_Test.elf.dir/Drivers/STM32F1xx_HAL_Driver/Src/stm32f1xx_hal_rcc.c.obj
 .rodata.aPredivFactorTable.0
                0x08001070        0x2 CMakeFiles/1_Test.elf.dir/Drivers/STM32F1xx_HAL_Driver/Src/stm32f1xx_hal_rcc.c.obj
 *fill*         0x08001072        0x2 
 .rodata._global_impure_ptr
                0x08001074        0x4 r:/user_download/environment_install/gnu arm toolchain/gnu arm embedded toolchain/10 2021.10/bin/../lib/gcc/arm-none-eabi/10.3.1/../../../../arm-none-eabi/lib/thumb/v7-m/nofp\libg.a(lib_a-impure.o)
                0x08001074                _global_impure_ptr
                0x08001078                . = ALIGN (0x4)

.rel.dyn        0x08001078        0x0
 .rel.iplt      0x08001078        0x0 r:/user_download/environment_install/gnu arm toolchain/gnu arm embedded toolchain/10 2021.10/bin/../lib/gcc/arm-none-eabi/10.3.1/thumb/v7-m/nofp/crtbegin.o

.ARM.extab      0x08001078        0x0
                0x08001078                . = ALIGN (0x4)
 *(.ARM.extab* .gnu.linkonce.armextab.*)
                0x08001078                . = ALIGN (0x4)

.ARM            0x08001078        0x0
                0x08001078                . = ALIGN (0x4)
                0x08001078                __exidx_start = .
 *(.ARM.exidx*)
                0x08001078                __exidx_end = .
                0x08001078                . = ALIGN (0x4)

.preinit_array  0x08001078        0x0
                0x08001078                . = ALIGN (0x4)
                0x08001078                PROVIDE (__preinit_array_start = .)
 *(.preinit_array*)
                0x08001078                PROVIDE (__preinit_array_end = .)
                0x08001078                . = ALIGN (0x4)

.init_array     0x08001078        0x8
                0x08001078                . = ALIGN (0x4)
                0x08001078                PROVIDE (__init_array_start = .)
 *(SORT_BY_NAME(.init_array.*))
 .init_array.00000
                0x08001078        0x4 r:/user_download/environment_install/gnu arm toolchain/gnu arm embedded toolchain/10 2021.10/bin/../lib/gcc/arm-none-eabi/10.3.1/../../../../arm-none-eabi/lib/thumb/v7-m/nofp\libg.a(lib_a-__call_atexit.o)
 *(.init_array*)
 .init_array    0x0800107c        0x4 r:/user_download/environment_install/gnu arm toolchain/gnu arm embedded toolchain/10 2021.10/bin/../lib/gcc/arm-none-eabi/10.3.1/thumb/v7-m/nofp/crtbegin.o
                0x08001080                PROVIDE (__init_array_end = .)
                0x08001080                . = ALIGN (0x4)

.fini_array     0x08001080        0x4
                0x08001080                . = ALIGN (0x4)
                0x08001080                PROVIDE (__fini_array_start = .)
 *(SORT_BY_NAME(.fini_array.*))
 *(.fini_array*)
 .fini_array    0x08001080        0x4 r:/user_download/environment_install/gnu arm toolchain/gnu arm embedded toolchain/10 2021.10/bin/../lib/gcc/arm-none-eabi/10.3.1/thumb/v7-m/nofp/crtbegin.o
                0x08001084                PROVIDE (__fini_array_end = .)
                0x08001084                . = ALIGN (0x4)
                0x08001084                _sidata = LOADADDR (.data)

.data           0x20000000      0x43c load address 0x08001084
                0x20000000                . = ALIGN (0x4)
                0x20000000                _sdata = .
 *(.data)
 *(.data*)
 .data.SystemCoreClock
                0x20000000        0x4 CMakeFiles/1_Test.elf.dir/Core/Src/system_stm32f1xx.c.obj
                0x20000000                SystemCoreClock
 .data.uwTickFreq
                0x20000004        0x1 CMakeFiles/1_Test.elf.dir/Drivers/STM32F1xx_HAL_Driver/Src/stm32f1xx_hal.c.obj
                0x20000004                uwTickFreq
 *fill*         0x20000005        0x3 
 .data.uwTickPrio
                0x20000008        0x4 CMakeFiles/1_Test.elf.dir/Drivers/STM32F1xx_HAL_Driver/Src/stm32f1xx_hal.c.obj
                0x20000008                uwTickPrio
 *fill*         0x2000000c        0x4 
 .data.impure_data
                0x20000010      0x428 r:/user_download/environment_install/gnu arm toolchain/gnu arm embedded toolchain/10 2021.10/bin/../lib/gcc/arm-none-eabi/10.3.1/../../../../arm-none-eabi/lib/thumb/v7-m/nofp\libg.a(lib_a-impure.o)
 .data.__atexit_recursive_mutex
                0x20000438        0x4 r:/user_download/environment_install/gnu arm toolchain/gnu arm embedded toolchain/10 2021.10/bin/../lib/gcc/arm-none-eabi/10.3.1/../../../../arm-none-eabi/lib/thumb/v7-m/nofp\libg.a(lib_a-__call_atexit.o)
                0x20000438                __atexit_recursive_mutex
 *(.RamFunc)
 *(.RamFunc*)
                0x2000043c                . = ALIGN (0x4)
                0x2000043c                _edata = .

.igot.plt       0x2000043c        0x0 load address 0x080014c0
 .igot.plt      0x2000043c        0x0 r:/user_download/environment_install/gnu arm toolchain/gnu arm embedded toolchain/10 2021.10/bin/../lib/gcc/arm-none-eabi/10.3.1/thumb/v7-m/nofp/crtbegin.o
                0x2000043c                . = ALIGN (0x4)

.bss            0x2000043c       0x24 load address 0x080014c0
                0x2000043c                _sbss = .
                0x2000043c                __bss_start__ = _sbss
 *(.bss)
 .bss           0x2000043c       0x1c r:/user_download/environment_install/gnu arm toolchain/gnu arm embedded toolchain/10 2021.10/bin/../lib/gcc/arm-none-eabi/10.3.1/thumb/v7-m/nofp/crtbegin.o
 *(.bss*)
 .bss.uwTick    0x20000458        0x4 CMakeFiles/1_Test.elf.dir/Drivers/STM32F1xx_HAL_Driver/Src/stm32f1xx_hal.c.obj
                0x20000458                uwTick
 .bss.__lock___atexit_recursive_mutex
                0x2000045c        0x1 r:/user_download/environment_install/gnu arm toolchain/gnu arm embedded toolchain/10 2021.10/bin/../lib/gcc/arm-none-eabi/10.3.1/../../../../arm-none-eabi/lib/thumb/v7-m/nofp\libg.a(lib_a-lock.o)
                0x2000045c                __lock___atexit_recursive_mutex
 *(COMMON)
                0x20000460                . = ALIGN (0x4)
 *fill*         0x2000045d        0x3 
                0x20000460                _ebss = .
                0x20000460                __bss_end__ = _ebss

._user_heap_stack
                0x20000460      0x600 load address 0x080014c0
                0x20000460                . = ALIGN (0x8)
                [!provide]                PROVIDE (end = .)
                0x20000460                PROVIDE (_end = .)
                0x20000660                . = (. + _Min_Heap_Size)
 *fill*         0x20000460      0x200 
                0x20000a60                . = (. + _Min_Stack_Size)
 *fill*         0x20000660      0x400 
                0x20000a60                . = ALIGN (0x8)

/DISCARD/
 libc.a(*)
 libm.a(*)
 libgcc.a(*)

.ARM.attributes
                0x00000000       0x29
 *(.ARM.attributes)
 .ARM.attributes
                0x00000000       0x1d r:/user_download/environment_install/gnu arm toolchain/gnu arm embedded toolchain/10 2021.10/bin/../lib/gcc/arm-none-eabi/10.3.1/thumb/v7-m/nofp/crti.o
 .ARM.attributes
                0x0000001d       0x2d r:/user_download/environment_install/gnu arm toolchain/gnu arm embedded toolchain/10 2021.10/bin/../lib/gcc/arm-none-eabi/10.3.1/thumb/v7-m/nofp/crtbegin.o
 .ARM.attributes
                0x0000004a       0x2d CMakeFiles/1_Test.elf.dir/Core/Src/gpio.c.obj
 .ARM.attributes
                0x00000077       0x2d CMakeFiles/1_Test.elf.dir/Core/Src/main.c.obj
 .ARM.attributes
                0x000000a4       0x2d CMakeFiles/1_Test.elf.dir/Core/Src/stm32f1xx_hal_msp.c.obj
 .ARM.attributes
                0x000000d1       0x2d CMakeFiles/1_Test.elf.dir/Core/Src/stm32f1xx_it.c.obj
 .ARM.attributes
                0x000000fe       0x2d CMakeFiles/1_Test.elf.dir/Core/Src/system_stm32f1xx.c.obj
 .ARM.attributes
                0x0000012b       0x21 CMakeFiles/1_Test.elf.dir/Core/Startup/startup_stm32f103rctx.s.obj
 .ARM.attributes
                0x0000014c       0x2d CMakeFiles/1_Test.elf.dir/Drivers/STM32F1xx_HAL_Driver/Src/stm32f1xx_hal.c.obj
 .ARM.attributes
                0x00000179       0x2d CMakeFiles/1_Test.elf.dir/Drivers/STM32F1xx_HAL_Driver/Src/stm32f1xx_hal_cortex.c.obj
 .ARM.attributes
                0x000001a6       0x2d CMakeFiles/1_Test.elf.dir/Drivers/STM32F1xx_HAL_Driver/Src/stm32f1xx_hal_gpio.c.obj
 .ARM.attributes
                0x000001d3       0x2d CMakeFiles/1_Test.elf.dir/Drivers/STM32F1xx_HAL_Driver/Src/stm32f1xx_hal_rcc.c.obj
 .ARM.attributes
                0x00000200       0x2d r:/user_download/environment_install/gnu arm toolchain/gnu arm embedded toolchain/10 2021.10/bin/../lib/gcc/arm-none-eabi/10.3.1/../../../../arm-none-eabi/lib/thumb/v7-m/nofp\libg.a(lib_a-impure.o)
 .ARM.attributes
                0x0000022d       0x2d r:/user_download/environment_install/gnu arm toolchain/gnu arm embedded toolchain/10 2021.10/bin/../lib/gcc/arm-none-eabi/10.3.1/../../../../arm-none-eabi/lib/thumb/v7-m/nofp\libg.a(lib_a-init.o)
 .ARM.attributes
                0x0000025a       0x2d r:/user_download/environment_install/gnu arm toolchain/gnu arm embedded toolchain/10 2021.10/bin/../lib/gcc/arm-none-eabi/10.3.1/../../../../arm-none-eabi/lib/thumb/v7-m/nofp\libg.a(lib_a-memset.o)
 .ARM.attributes
                0x00000287       0x2d r:/user_download/environment_install/gnu arm toolchain/gnu arm embedded toolchain/10 2021.10/bin/../lib/gcc/arm-none-eabi/10.3.1/../../../../arm-none-eabi/lib/thumb/v7-m/nofp\libg.a(lib_a-__call_atexit.o)
 .ARM.attributes
                0x000002b4       0x2d r:/user_download/environment_install/gnu arm toolchain/gnu arm embedded toolchain/10 2021.10/bin/../lib/gcc/arm-none-eabi/10.3.1/../../../../arm-none-eabi/lib/thumb/v7-m/nofp\libg.a(lib_a-atexit.o)
 .ARM.attributes
                0x000002e1       0x2d r:/user_download/environment_install/gnu arm toolchain/gnu arm embedded toolchain/10 2021.10/bin/../lib/gcc/arm-none-eabi/10.3.1/../../../../arm-none-eabi/lib/thumb/v7-m/nofp\libg.a(lib_a-fini.o)
 .ARM.attributes
                0x0000030e       0x2d r:/user_download/environment_install/gnu arm toolchain/gnu arm embedded toolchain/10 2021.10/bin/../lib/gcc/arm-none-eabi/10.3.1/../../../../arm-none-eabi/lib/thumb/v7-m/nofp\libg.a(lib_a-lock.o)
 .ARM.attributes
                0x0000033b       0x2d r:/user_download/environment_install/gnu arm toolchain/gnu arm embedded toolchain/10 2021.10/bin/../lib/gcc/arm-none-eabi/10.3.1/../../../../arm-none-eabi/lib/thumb/v7-m/nofp\libg.a(lib_a-__atexit.o)
 .ARM.attributes
                0x00000368       0x1d r:/user_download/environment_install/gnu arm toolchain/gnu arm embedded toolchain/10 2021.10/bin/../lib/gcc/arm-none-eabi/10.3.1/thumb/v7-m/nofp/crtn.o
OUTPUT(1_Test.elf elf32-littlearm)
LOAD linker stubs
LOAD r:/user_download/environment_install/gnu arm toolchain/gnu arm embedded toolchain/10 2021.10/bin/../lib/gcc/arm-none-eabi/10.3.1/../../../../arm-none-eabi/lib/thumb/v7-m/nofp\libc.a
LOAD r:/user_download/environment_install/gnu arm toolchain/gnu arm embedded toolchain/10 2021.10/bin/../lib/gcc/arm-none-eabi/10.3.1/../../../../arm-none-eabi/lib/thumb/v7-m/nofp\libm.a
LOAD r:/user_download/environment_install/gnu arm toolchain/gnu arm embedded toolchain/10 2021.10/bin/../lib/gcc/arm-none-eabi/10.3.1/thumb/v7-m/nofp\libgcc.a

.debug_info     0x00000000     0x3493
 .debug_info    0x00000000      0x412 CMakeFiles/1_Test.elf.dir/Core/Src/gpio.c.obj
 .debug_info    0x00000412      0x42e CMakeFiles/1_Test.elf.dir/Core/Src/main.c.obj
 .debug_info    0x00000840      0x211 CMakeFiles/1_Test.elf.dir/Core/Src/stm32f1xx_hal_msp.c.obj
 .debug_info    0x00000a51      0x130 CMakeFiles/1_Test.elf.dir/Core/Src/stm32f1xx_it.c.obj
 .debug_info    0x00000b81      0x248 CMakeFiles/1_Test.elf.dir/Core/Src/system_stm32f1xx.c.obj
 .debug_info    0x00000dc9       0x22 CMakeFiles/1_Test.elf.dir/Core/Startup/startup_stm32f103rctx.s.obj
 .debug_info    0x00000deb      0x80e CMakeFiles/1_Test.elf.dir/Drivers/STM32F1xx_HAL_Driver/Src/stm32f1xx_hal.c.obj
 .debug_info    0x000015f9      0xdf0 CMakeFiles/1_Test.elf.dir/Drivers/STM32F1xx_HAL_Driver/Src/stm32f1xx_hal_cortex.c.obj
 .debug_info    0x000023e9      0x66f CMakeFiles/1_Test.elf.dir/Drivers/STM32F1xx_HAL_Driver/Src/stm32f1xx_hal_gpio.c.obj
 .debug_info    0x00002a58      0xa3b CMakeFiles/1_Test.elf.dir/Drivers/STM32F1xx_HAL_Driver/Src/stm32f1xx_hal_rcc.c.obj

.debug_abbrev   0x00000000      0xf29
 .debug_abbrev  0x00000000      0x13c CMakeFiles/1_Test.elf.dir/Core/Src/gpio.c.obj
 .debug_abbrev  0x0000013c      0x1a5 CMakeFiles/1_Test.elf.dir/Core/Src/main.c.obj
 .debug_abbrev  0x000002e1       0xe5 CMakeFiles/1_Test.elf.dir/Core/Src/stm32f1xx_hal_msp.c.obj
 .debug_abbrev  0x000003c6       0x7e CMakeFiles/1_Test.elf.dir/Core/Src/stm32f1xx_it.c.obj
 .debug_abbrev  0x00000444      0x13e CMakeFiles/1_Test.elf.dir/Core/Src/system_stm32f1xx.c.obj
 .debug_abbrev  0x00000582       0x12 CMakeFiles/1_Test.elf.dir/Core/Startup/startup_stm32f103rctx.s.obj
 .debug_abbrev  0x00000594      0x1f4 CMakeFiles/1_Test.elf.dir/Drivers/STM32F1xx_HAL_Driver/Src/stm32f1xx_hal.c.obj
 .debug_abbrev  0x00000788      0x341 CMakeFiles/1_Test.elf.dir/Drivers/STM32F1xx_HAL_Driver/Src/stm32f1xx_hal_cortex.c.obj
 .debug_abbrev  0x00000ac9      0x1e6 CMakeFiles/1_Test.elf.dir/Drivers/STM32F1xx_HAL_Driver/Src/stm32f1xx_hal_gpio.c.obj
 .debug_abbrev  0x00000caf      0x27a CMakeFiles/1_Test.elf.dir/Drivers/STM32F1xx_HAL_Driver/Src/stm32f1xx_hal_rcc.c.obj

.debug_aranges  0x00000000      0x378
 .debug_aranges
                0x00000000       0x20 CMakeFiles/1_Test.elf.dir/Core/Src/gpio.c.obj
 .debug_aranges
                0x00000020       0x30 CMakeFiles/1_Test.elf.dir/Core/Src/main.c.obj
 .debug_aranges
                0x00000050       0x20 CMakeFiles/1_Test.elf.dir/Core/Src/stm32f1xx_hal_msp.c.obj
 .debug_aranges
                0x00000070       0x60 CMakeFiles/1_Test.elf.dir/Core/Src/stm32f1xx_it.c.obj
 .debug_aranges
                0x000000d0       0x28 CMakeFiles/1_Test.elf.dir/Core/Src/system_stm32f1xx.c.obj
 .debug_aranges
                0x000000f8       0x28 CMakeFiles/1_Test.elf.dir/Core/Startup/startup_stm32f103rctx.s.obj
 .debug_aranges
                0x00000120       0xe0 CMakeFiles/1_Test.elf.dir/Drivers/STM32F1xx_HAL_Driver/Src/stm32f1xx_hal.c.obj
 .debug_aranges
                0x00000200       0x90 CMakeFiles/1_Test.elf.dir/Drivers/STM32F1xx_HAL_Driver/Src/stm32f1xx_hal_cortex.c.obj
 .debug_aranges
                0x00000290       0x58 CMakeFiles/1_Test.elf.dir/Drivers/STM32F1xx_HAL_Driver/Src/stm32f1xx_hal_gpio.c.obj
 .debug_aranges
                0x000002e8       0x90 CMakeFiles/1_Test.elf.dir/Drivers/STM32F1xx_HAL_Driver/Src/stm32f1xx_hal_rcc.c.obj

.debug_ranges   0x00000000      0x360
 .debug_ranges  0x00000000       0x10 CMakeFiles/1_Test.elf.dir/Core/Src/gpio.c.obj
 .debug_ranges  0x00000010       0x20 CMakeFiles/1_Test.elf.dir/Core/Src/main.c.obj
 .debug_ranges  0x00000030       0x10 CMakeFiles/1_Test.elf.dir/Core/Src/stm32f1xx_hal_msp.c.obj
 .debug_ranges  0x00000040       0x50 CMakeFiles/1_Test.elf.dir/Core/Src/stm32f1xx_it.c.obj
 .debug_ranges  0x00000090       0x18 CMakeFiles/1_Test.elf.dir/Core/Src/system_stm32f1xx.c.obj
 .debug_ranges  0x000000a8       0x20 CMakeFiles/1_Test.elf.dir/Core/Startup/startup_stm32f103rctx.s.obj
 .debug_ranges  0x000000c8       0xd0 CMakeFiles/1_Test.elf.dir/Drivers/STM32F1xx_HAL_Driver/Src/stm32f1xx_hal.c.obj
 .debug_ranges  0x00000198       0xe0 CMakeFiles/1_Test.elf.dir/Drivers/STM32F1xx_HAL_Driver/Src/stm32f1xx_hal_cortex.c.obj
 .debug_ranges  0x00000278       0x48 CMakeFiles/1_Test.elf.dir/Drivers/STM32F1xx_HAL_Driver/Src/stm32f1xx_hal_gpio.c.obj
 .debug_ranges  0x000002c0       0xa0 CMakeFiles/1_Test.elf.dir/Drivers/STM32F1xx_HAL_Driver/Src/stm32f1xx_hal_rcc.c.obj

.debug_line     0x00000000     0x3104
 .debug_line    0x00000000      0x36f CMakeFiles/1_Test.elf.dir/Core/Src/gpio.c.obj
 .debug_line    0x0000036f      0x485 CMakeFiles/1_Test.elf.dir/Core/Src/main.c.obj
 .debug_line    0x000007f4      0x229 CMakeFiles/1_Test.elf.dir/Core/Src/stm32f1xx_hal_msp.c.obj
 .debug_line    0x00000a1d      0x1eb CMakeFiles/1_Test.elf.dir/Core/Src/stm32f1xx_it.c.obj
 .debug_line    0x00000c08      0x2f2 CMakeFiles/1_Test.elf.dir/Core/Src/system_stm32f1xx.c.obj
 .debug_line    0x00000efa       0xbe CMakeFiles/1_Test.elf.dir/Core/Startup/startup_stm32f103rctx.s.obj
 .debug_line    0x00000fb8      0x64e CMakeFiles/1_Test.elf.dir/Drivers/STM32F1xx_HAL_Driver/Src/stm32f1xx_hal.c.obj
 .debug_line    0x00001606      0x71f CMakeFiles/1_Test.elf.dir/Drivers/STM32F1xx_HAL_Driver/Src/stm32f1xx_hal_cortex.c.obj
 .debug_line    0x00001d25      0x6db CMakeFiles/1_Test.elf.dir/Drivers/STM32F1xx_HAL_Driver/Src/stm32f1xx_hal_gpio.c.obj
 .debug_line    0x00002400      0xd04 CMakeFiles/1_Test.elf.dir/Drivers/STM32F1xx_HAL_Driver/Src/stm32f1xx_hal_rcc.c.obj

.debug_str      0x00000000     0x15e4
 .debug_str     0x00000000      0x2aa CMakeFiles/1_Test.elf.dir/Core/Src/gpio.c.obj
                                0x2f5 (size before relaxing)
 .debug_str     0x000002aa      0x1fe CMakeFiles/1_Test.elf.dir/Core/Src/main.c.obj
                                0x42b (size before relaxing)
 .debug_str     0x000004a8       0x91 CMakeFiles/1_Test.elf.dir/Core/Src/stm32f1xx_hal_msp.c.obj
                                0x297 (size before relaxing)
 .debug_str     0x00000539       0xee CMakeFiles/1_Test.elf.dir/Core/Src/stm32f1xx_it.c.obj
                                0x29a (size before relaxing)
 .debug_str     0x00000627       0xbf CMakeFiles/1_Test.elf.dir/Core/Src/system_stm32f1xx.c.obj
                                0x2cc (size before relaxing)
 .debug_str     0x000006e6       0x6d CMakeFiles/1_Test.elf.dir/Core/Startup/startup_stm32f103rctx.s.obj
                                 0xc5 (size before relaxing)
 .debug_str     0x00000753      0x709 CMakeFiles/1_Test.elf.dir/Drivers/STM32F1xx_HAL_Driver/Src/stm32f1xx_hal.c.obj
                                0x980 (size before relaxing)
 .debug_str     0x00000e5c      0x3fc CMakeFiles/1_Test.elf.dir/Drivers/STM32F1xx_HAL_Driver/Src/stm32f1xx_hal_cortex.c.obj
                                0xa2f (size before relaxing)
 .debug_str     0x00001258      0x161 CMakeFiles/1_Test.elf.dir/Drivers/STM32F1xx_HAL_Driver/Src/stm32f1xx_hal_gpio.c.obj
                                0x478 (size before relaxing)
 .debug_str     0x000013b9      0x22b CMakeFiles/1_Test.elf.dir/Drivers/STM32F1xx_HAL_Driver/Src/stm32f1xx_hal_rcc.c.obj
                                0x6a3 (size before relaxing)

.comment        0x00000000       0x49
 .comment       0x00000000       0x49 CMakeFiles/1_Test.elf.dir/Core/Src/gpio.c.obj
                                 0x4a (size before relaxing)
 .comment       0x00000049       0x4a CMakeFiles/1_Test.elf.dir/Core/Src/main.c.obj
 .comment       0x00000049       0x4a CMakeFiles/1_Test.elf.dir/Core/Src/stm32f1xx_hal_msp.c.obj
 .comment       0x00000049       0x4a CMakeFiles/1_Test.elf.dir/Core/Src/stm32f1xx_it.c.obj
 .comment       0x00000049       0x4a CMakeFiles/1_Test.elf.dir/Core/Src/system_stm32f1xx.c.obj
 .comment       0x00000049       0x4a CMakeFiles/1_Test.elf.dir/Drivers/STM32F1xx_HAL_Driver/Src/stm32f1xx_hal.c.obj
 .comment       0x00000049       0x4a CMakeFiles/1_Test.elf.dir/Drivers/STM32F1xx_HAL_Driver/Src/stm32f1xx_hal_cortex.c.obj
 .comment       0x00000049       0x4a CMakeFiles/1_Test.elf.dir/Drivers/STM32F1xx_HAL_Driver/Src/stm32f1xx_hal_gpio.c.obj
 .comment       0x00000049       0x4a CMakeFiles/1_Test.elf.dir/Drivers/STM32F1xx_HAL_Driver/Src/stm32f1xx_hal_rcc.c.obj

.debug_frame    0x00000000      0x8cc
 .debug_frame   0x00000000       0x3c CMakeFiles/1_Test.elf.dir/Core/Src/gpio.c.obj
 .debug_frame   0x0000003c       0x58 CMakeFiles/1_Test.elf.dir/Core/Src/main.c.obj
 .debug_frame   0x00000094       0x28 CMakeFiles/1_Test.elf.dir/Core/Src/stm32f1xx_hal_msp.c.obj
 .debug_frame   0x000000bc       0xa8 CMakeFiles/1_Test.elf.dir/Core/Src/stm32f1xx_it.c.obj
 .debug_frame   0x00000164       0x30 CMakeFiles/1_Test.elf.dir/Core/Src/system_stm32f1xx.c.obj
 .debug_frame   0x00000194      0x1cc CMakeFiles/1_Test.elf.dir/Drivers/STM32F1xx_HAL_Driver/Src/stm32f1xx_hal.c.obj
 .debug_frame   0x00000360      0x118 CMakeFiles/1_Test.elf.dir/Drivers/STM32F1xx_HAL_Driver/Src/stm32f1xx_hal_cortex.c.obj
 .debug_frame   0x00000478       0xe4 CMakeFiles/1_Test.elf.dir/Drivers/STM32F1xx_HAL_Driver/Src/stm32f1xx_hal_gpio.c.obj
 .debug_frame   0x0000055c      0x184 CMakeFiles/1_Test.elf.dir/Drivers/STM32F1xx_HAL_Driver/Src/stm32f1xx_hal_rcc.c.obj
 .debug_frame   0x000006e0       0x2c r:/user_download/environment_install/gnu arm toolchain/gnu arm embedded toolchain/10 2021.10/bin/../lib/gcc/arm-none-eabi/10.3.1/../../../../arm-none-eabi/lib/thumb/v7-m/nofp\libg.a(lib_a-init.o)
 .debug_frame   0x0000070c       0x2c r:/user_download/environment_install/gnu arm toolchain/gnu arm embedded toolchain/10 2021.10/bin/../lib/gcc/arm-none-eabi/10.3.1/../../../../arm-none-eabi/lib/thumb/v7-m/nofp\libg.a(lib_a-memset.o)
 .debug_frame   0x00000738       0x5c r:/user_download/environment_install/gnu arm toolchain/gnu arm embedded toolchain/10 2021.10/bin/../lib/gcc/arm-none-eabi/10.3.1/../../../../arm-none-eabi/lib/thumb/v7-m/nofp\libg.a(lib_a-__call_atexit.o)
 .debug_frame   0x00000794       0x20 r:/user_download/environment_install/gnu arm toolchain/gnu arm embedded toolchain/10 2021.10/bin/../lib/gcc/arm-none-eabi/10.3.1/../../../../arm-none-eabi/lib/thumb/v7-m/nofp\libg.a(lib_a-atexit.o)
 .debug_frame   0x000007b4       0x34 r:/user_download/environment_install/gnu arm toolchain/gnu arm embedded toolchain/10 2021.10/bin/../lib/gcc/arm-none-eabi/10.3.1/../../../../arm-none-eabi/lib/thumb/v7-m/nofp\libg.a(lib_a-fini.o)
 .debug_frame   0x000007e8       0xb0 r:/user_download/environment_install/gnu arm toolchain/gnu arm embedded toolchain/10 2021.10/bin/../lib/gcc/arm-none-eabi/10.3.1/../../../../arm-none-eabi/lib/thumb/v7-m/nofp\libg.a(lib_a-lock.o)
 .debug_frame   0x00000898       0x34 r:/user_download/environment_install/gnu arm toolchain/gnu arm embedded toolchain/10 2021.10/bin/../lib/gcc/arm-none-eabi/10.3.1/../../../../arm-none-eabi/lib/thumb/v7-m/nofp\libg.a(lib_a-__atexit.o)

.debug_loc      0x00000000     0x1409
 .debug_loc     0x00000000       0x15 CMakeFiles/1_Test.elf.dir/Core/Src/stm32f1xx_hal_msp.c.obj
 .debug_loc     0x00000015       0xff CMakeFiles/1_Test.elf.dir/Core/Src/system_stm32f1xx.c.obj
 .debug_loc     0x00000114      0x141 CMakeFiles/1_Test.elf.dir/Drivers/STM32F1xx_HAL_Driver/Src/stm32f1xx_hal.c.obj
 .debug_loc     0x00000255      0x71f CMakeFiles/1_Test.elf.dir/Drivers/STM32F1xx_HAL_Driver/Src/stm32f1xx_hal_cortex.c.obj
 .debug_loc     0x00000974      0x47d CMakeFiles/1_Test.elf.dir/Drivers/STM32F1xx_HAL_Driver/Src/stm32f1xx_hal_gpio.c.obj
 .debug_loc     0x00000df1      0x618 CMakeFiles/1_Test.elf.dir/Drivers/STM32F1xx_HAL_Driver/Src/stm32f1xx_hal_rcc.c.obj
