<html>
<body>
<pre>
<h1>µVision Build Log</h1>
<h2>Tool Versions:</h2>
IDE-Version: ¦ÌVision V5.36.0.0
Copyright (C) 2021 ARM Ltd and ARM Germany GmbH. All rights reserved.
License Information: 2 ssc, 2, LIC=8VRJ7-EPRLM-560Q2-9ZI7T-XZRP2-DHWLL
 
Tool Versions:
Toolchain:       MDK-ARM Plus  Version: 5.36.0.0
Toolchain Path:  D:\Program\Keil\ARM\ARMCC\Bin
C Compiler:      Armcc.exe V5.06 update 7 (build 960)
Assembler:       Armasm.exe V5.06 update 7 (build 960)
Linker/Locator:  ArmLink.exe V5.06 update 7 (build 960)
Library Manager: ArmAr.exe V5.06 update 7 (build 960)
Hex Converter:   FromElf.exe V5.06 update 7 (build 960)
CPU DLL:         SARMCM3.DLL V5.36.0.0
Dialog DLL:      DCM.DLL V1.17.3.0
Target DLL:      STLink\ST-LINKIII-KEIL_SWO.dll V3.0.9.0
Dialog DLL:      TCM.DLL V1.53.0.0
 
<h2>Project:</h2>
F:\STM32SSC\STM32\STM32SSC_F103\Code\10_JSON\JSON_Test\MDK-ARM\JSON_Test.uvprojx
Project File Date:  07/06/2023

<h2>Output:</h2>
*** Using Compiler 'V5.06 update 7 (build 960)', folder: 'D:\Program\Keil\ARM\ARMCC\Bin'
Build target 'JSON_Test'
compiling main.c...
../Core/Src/main.c(79): warning:  #177-D: variable "_item2_obj"  was declared but never referenced
  	json_t *_item2_obj;	
../Core/Src/main.c: 1 warning, 0 errors
linking...
Program Size: Code=20160 RO-data=564 RW-data=68 ZI-data=8268  
FromELF: creating hex file...
"JSON_Test\JSON_Test.axf" - 0 Error(s), 1 Warning(s).

<h2>Software Packages used:</h2>

Package Vendor: ARM
                http://www.keil.com/pack/ARM.CMSIS.5.8.0.pack
                ARM.CMSIS.5.8.0
                CMSIS (Common Microcontroller Software Interface Standard)
   * Component: CORE Version: 5.5.0

Package Vendor: Keil
                http://www.keil.com/pack/Keil.Jansson.1.0.0.pack
                Keil.Jansson.1.0.0
                Jansson is a C library for encoding, decoding and manipulating JSON data
   * Component: Jansson Version: 2.7.0

Package Vendor: Keil
                http://www.keil.com/pack/Keil.STM32F1xx_DFP.2.2.0.pack
                Keil.STM32F1xx_DFP.2.2.0
                STMicroelectronics STM32F1 Series Device Support, Drivers and Examples

<h2>Collection of Component include folders:</h2>
  .\RTE\_JSON_Test
  D:\Program\Keil\Pack\ARM\CMSIS\5.8.0\CMSIS\Core\Include
  D:\Program\Keil\Pack\Keil\Jansson\1.0.0\src
  D:\Program\Keil\Pack\Keil\STM32F1xx_DFP\2.2.0\Device\Include

<h2>Collection of Component Files used:</h2>

   * Component: ARM::CMSIS:CORE:5.5.0
      Include file:  CMSIS\Core\Include\tz_context.h

   * Component: Keil::Data Exchange:JSON:Jansson:2.7.0
      Library file:  lib\jansson_CM3LE.lib
      Include file:  src\jansson.h
      Source file:   src\jansson_config.c
Build Time Elapsed:  00:00:01
</pre>
</body>
</html>
