<html>
<body>
<pre>
<h1>µVision Build Log</h1>
<h2>Tool Versions:</h2>
IDE-Version: ¦ÌVision V5.36.0.0
Copyright (C) 2021 ARM Ltd and ARM Germany GmbH. All rights reserved.
License Information: 2 SSC, 2, LIC=47GU5-G5AUV-EV81R-KK5IK-G59IV-3YT18
 
Tool Versions:
Toolchain:       MDK-ARM Plus  Version: 5.36.0.0
Toolchain Path:  D:\Keil_v5\ARM\ARMCC\Bin
C Compiler:      Armcc.exe V5.06 update 7 (build 960)
Assembler:       Armasm.exe V5.06 update 7 (build 960)
Linker/Locator:  ArmLink.exe V5.06 update 7 (build 960)
Library Manager: ArmAr.exe V5.06 update 7 (build 960)
Hex Converter:   FromElf.exe V5.06 update 7 (build 960)
CPU DLL:         SARMCM3.DLL V5.36.0.0
Dialog DLL:      DCM.DLL V1.17.3.0
Target DLL:      STLink\ST-LINKIII-KEIL_SWO.dll V3.0.9.0
Dialog DLL:      TCM.DLL V1.53.0.0
 
<h2>Project:</h2>
C:\Users\SSC\Desktop\Slave_Device_Project\MDK-ARM\Slave_Device_Project.uvprojx
Project File Date:  03/31/2026

<h2>Output:</h2>
*** Using Compiler 'V5.06 update 7 (build 960)', folder: 'D:\Keil_v5\ARM\ARMCC\Bin'
Rebuild target 'Slave_Device_Project'
assembling startup_stm32f407xx.s...
compiling stm32f4xx_hal_gpio.c...
compiling stm32f4xx_hal_pwr_ex.c...
compiling stm32f4xx_hal_cortex.c...
compiling stm32f4xx_hal_pwr.c...
compiling stm32f4xx_hal_flash_ramfunc.c...
compiling stm32f4xx_hal_flash_ex.c...
compiling stm32f4xx_hal_flash.c...
compiling stm32f4xx_hal.c...
compiling stm32f4xx_hal_msp.c...
compiling tim.c...
compiling stm32f4xx_hal_dma_ex.c...
compiling stm32f4xx_hal_dma.c...
compiling stm32f4xx_hal_rcc_ex.c...
compiling spi.c...
compiling gpio.c...
compiling main.c...
compiling stm32f4xx_hal_rcc.c...
compiling stm32f4xx_it.c...
compiling stm32f4xx_hal_spi.c...
compiling ecatcoe.c...
compiling stm32f4xx_hal_exti.c...
compiling system_stm32f4xx.c...
compiling stm32f4xx_hal_tim_ex.c...
compiling emcy.c...
compiling 9252_HW.c...
compiling coeappl.c...
compiling ecatfoe.c...
compiling foeappl.c...
..\EtherCAT\foeappl.c(107): warning:  #177-D: variable "i"  was declared but never referenced
      UINT16 i = 0;
..\EtherCAT\foeappl.c: 1 warning, 0 errors
compiling eoeappl.c...
compiling ecateoe.c...
compiling SPIDriver.c...
..\EtherCAT\SPIDriver.c(232): warning:  #61-D: integer operation result is out of range
      param32_1.Val = PRAM_RW_BUSY_32B; /*TODO:replace with #defines*/
..\EtherCAT\SPIDriver.c(232): warning:  #68-D: integer conversion resulted in a change of sign
      param32_1.Val = PRAM_RW_BUSY_32B; /*TODO:replace with #defines*/
..\EtherCAT\SPIDriver.c(205): warning:  #177-D: variable "RefAddr"  was declared but never referenced
      UINT16 RefAddr = Address;
..\EtherCAT\SPIDriver.c(314): warning:  #61-D: integer operation result is out of range
      param32_1.Val = PRAM_RW_BUSY_32B; /*TODO:replace with #defines*/
..\EtherCAT\SPIDriver.c(314): warning:  #68-D: integer conversion resulted in a change of sign
      param32_1.Val = PRAM_RW_BUSY_32B; /*TODO:replace with #defines*/
..\EtherCAT\SPIDriver.c: 5 warnings, 0 errors
compiling ecatappl.c...
compiling stm32f4xx_hal_tim.c...
compiling LAN9252_Device.c...
..\EtherCAT\LAN9252_Device.c(320): warning:  #1215-D: #warning directive: "Implement explicit Device ID latching"
      #warning "Implement explicit Device ID latching"
..\EtherCAT\LAN9252_Device.c: 1 warning, 0 errors
compiling mailbox.c...
compiling objdef.c...
..\EtherCAT\objdef.c(729): warning:  #111-D: statement is unreachable
          break;
..\EtherCAT\objdef.c(890): warning:  #767-D: conversion from pointer to smaller integer
              if((((UINT16)pVarPtr) & 0x1) == 0x1)
..\EtherCAT\objdef.c: 2 warnings, 0 errors
compiling sdoserv.c...
compiling ecatslv.c...
linking...
Program Size: Code=32542 RO-data=1922 RW-data=1192 ZI-data=2728  
FromELF: creating hex file...
"Slave_Device_Project\Slave_Device_Project.axf" - 0 Error(s), 9 Warning(s).

<h2>Software Packages used:</h2>

Package Vendor: ARM
                http://www.keil.com/pack/ARM.CMSIS.5.8.0.pack
                ARM.CMSIS.5.8.0
                CMSIS (Common Microcontroller Software Interface Standard)
   * Component: CORE Version: 5.5.0

Package Vendor: Keil
                http://www.keil.com/pack/Keil.STM32F4xx_DFP.2.13.0.pack
                Keil.STM32F4xx_DFP.2.13.0
                STMicroelectronics STM32F4 Series Device Support, Drivers and Examples

<h2>Collection of Component include folders:</h2>
  .\RTE\_Slave_Device_Project
  D:\Users\SSC\AppData\Local\Arm\Packs\ARM\CMSIS\5.8.0\CMSIS\Core\Include
  D:\Users\SSC\AppData\Local\Arm\Packs\Keil\STM32F4xx_DFP\2.13.0\Drivers\CMSIS\Device\ST\STM32F4xx\Include

<h2>Collection of Component Files used:</h2>

   * Component: ARM::CMSIS:CORE:5.5.0
      Include file:  CMSIS\Core\Include\tz_context.h
Build Time Elapsed:  00:00:05
</pre>
</body>
</html>
